("Adeko22slide" "ADINISENKOY" "Hafele RYAN 128mm" (("CAB_DOORS" 31 "Lake Parlak") ("CAB_DOOR_FRAMES" 32 "Mat Beyaz Suntalam") ("CAB_DOOR_EDGE_BANDS" 32 "Mat Beyaz Suntalam") ("CAB_DOOR_GLASS" 254 "Water") ("CAB_DOOR_STORES" 252 "stor") ("SMALL_DRAWERS" 33 nil) ("CAB_BODY_BASE" 32 "Beyaz Elma Mat Yildiz Entegre") ("CAB_BODY_WALL" 32 "Beyaz Elma Mat Yildiz Entegre") ("CAB_BODY_TALL" 32 "Beyaz Elma Mat Yildiz Entegre") ("CORNICES_UPPER" 32 "Mat Beyaz MDF") ("CORNICES_LOWER" 32 "Mat Beyaz MDF") ("PLINTHS" 32 "Mat Beyaz MDF") ("SHELVES" 32 "Mat Beyaz MDF") ("WORKTOPS" 1 "Marble54") ("PANELS_SIDE" 40 "Mat Beyaz MDF") ("UPSTANDS" 3 "Marble54") ("PANELS_WALL" 6 "Arkalik") ("PANELS_WALL_DRAWER" 11 "Arkalik") ("PANELS_WALL_2ND_BACK" 6 "Mat Beyaz MDF") ("TILES" 181 "whitey tiles") ("FLOOR" 39 "GP-V455 60x30") ("WALLS" 7 "20911") ("TILES_BORDER" 175 nil) ("ALUMINIUM_FRAME" 254 "inox2")))
("Slayt" "ADINISENKOY" "Hafele ALEXIS 96mm" (("CAB_DOORS" 31 "028 Pearl Effect Beyaz Lak EgePres") ("CAB_DOOR_FRAMES" 32 "Mat Beyaz Suntalam") ("CAB_DOOR_EDGE_BANDS" 32 "Mat Beyaz Suntalam") ("CAB_DOOR_GLASS" 254 "Water") ("CAB_DOOR_STORES" 252 "stor") ("SMALL_DRAWERS" 33 nil) ("CAB_BODY_BASE" 32 "Beyaz Elma Mat Yildiz Entegre") ("CAB_BODY_WALL" 32 "Mat Beyaz MDF") ("CAB_BODY_TALL" 32 "Mat Beyaz MDF") ("CORNICES_UPPER" 32 "001Beyaz Lak EgePres") ("CORNICES_LOWER" 32 "001Beyaz Lak EgePres") ("PLINTHS" 32 "Aluminum Brushed") ("SHELVES" 32 "Mat Beyaz MDF") ("WORKTOPS" 1 "Magnetite") ("PANELS_SIDE" 40 "Mat Beyaz MDF") ("UPSTANDS" 3 "Magnetite") ("PANELS_WALL" 6 "Arkalik") ("PANELS_WALL_DRAWER" 11 "Arkalik") ("PANELS_WALL_2ND_BACK" 6 "Mat Beyaz MDF") ("TILES" 181 "Magnetite") ("FLOOR" 39 "Antrasit") ("WALLS" 7 "Jotun 1024 Timeless") ("TILES_BORDER" 175 nil) ("ALUMINIUM_FRAME" 254 "inox2")))
("Adeko22" "A17ALU" "KULPA17" (("CAB_DOORS" 31 "Ral 9003") ("CAB_DOOR_FRAMES" 32 "Mat Beyaz Suntalam") ("CAB_DOOR_EDGE_BANDS" 32 "Mat Beyaz Suntalam") ("CAB_DOOR_GLASS" 254 "Water") ("CAB_DOOR_STORES" 252 "stor") ("SMALL_DRAWERS" 33 nil) ("CAB_BODY_BASE" 32 "Mat Beyaz MDF") ("CAB_BODY_WALL" 32 "Mat Beyaz MDF") ("CAB_BODY_TALL" 32 "Mat Beyaz MDF") ("CORNICES_UPPER" 32 "Mat Beyaz MDF") ("CORNICES_LOWER" 32 "Mat Beyaz MDF") ("PLINTHS" 32 "Mat Beyaz MDF") ("SHELVES" 32 "Mat Beyaz MDF") ("WORKTOPS" 1 "Marble54") ("PANELS_SIDE" 40 "Mat Beyaz MDF") ("UPSTANDS" 3 "Marble54") ("PANELS_WALL" 6 "Arkalik") ("PANELS_WALL_DRAWER" 11 "Arkalik") ("PANELS_WALL_2ND_BACK" 6 "Mat Beyaz MDF") ("TILES" 181 "whitey tiles") ("FLOOR" 39 "GP-V455 60x30") ("WALLS" 7 "20911") ("TILES_BORDER" 175 nil) ("ALUMINIUM_FRAME" 254 "inox2")))
("Adeko17" "A17ALU" "KULPA17" (("CAB_DOORS" 31 "Kestane Orma") ("CAB_DOOR_FRAMES" 32 "Mat Beyaz Suntalam") ("CAB_DOOR_EDGE_BANDS" 32 "Mat Beyaz Suntalam") ("CAB_DOOR_GLASS" 254 "Glass") ("CAB_DOOR_STORES" 252 "stor") ("SMALL_DRAWERS" 33 nil) ("CAB_BODY_BASE" 32 "Mat Beyaz MDF") ("CAB_BODY_WALL" 32 "Mat Beyaz MDF") ("CAB_BODY_TALL" 32 "Mat Beyaz MDF") ("CORNICES_UPPER" 32 "Mat Beyaz MDF") ("CORNICES_LOWER" 32 "Mat Beyaz MDF") ("PLINTHS" 32 "Mat Beyaz MDF") ("SHELVES" 32 "Mat Beyaz MDF") ("WORKTOPS" 1 "Marble54") ("PANELS_SIDE" 40 "Mat Beyaz MDF") ("UPSTANDS" 3 "Marble54") ("PANELS_WALL" 6 "Arkalik") ("PANELS_WALL_DRAWER" 11 "Arkalik") ("PANELS_WALL_2ND_BACK" 6 "Mat Beyaz MDF") ("TILES" 181 "whitey tiles") ("FLOOR" 39 "GP-V455 60x30") ("WALLS" 7 "20911") ("TILES_BORDER" 175 nil) ("ALUMINIUM_FRAME" 254 "Aluminum Brushed")))